Release 13.2 - xst O.61xd (nt64)
Copyright (c) 1995-2011 Xilinx, Inc.  All rights reserved.
--> Parameter TMPDIR set to xst/projnav.tmp


Total REAL time to Xst completion: 0.00 secs
Total CPU time to Xst completion: 0.05 secs
 
--> Parameter xsthdpdir set to xst


Total REAL time to Xst completion: 0.00 secs
Total CPU time to Xst completion: 0.05 secs
 
--> Reading design: encryptor_top.prj

TABLE OF CONTENTS
  1) Synthesis Options Summary
  2) HDL Parsing
  3) HDL Elaboration
  4) HDL Synthesis
       4.1) HDL Synthesis Report
  5) Advanced HDL Synthesis
       5.1) Advanced HDL Synthesis Report
  6) Low Level Synthesis
  7) Partition Report
  8) Design Summary
       8.1) Primitive and Black Box Usage
       8.2) Device utilization summary
       8.3) Partition Resource Summary
       8.4) Timing Report
            8.4.1) Clock Information
            8.4.2) Asynchronous Control Signals Information
            8.4.3) Timing Summary
            8.4.4) Timing Details
            8.4.5) Cross Clock Domains Report


=========================================================================
*                      Synthesis Options Summary                        *
=========================================================================
---- Source Parameters
Input File Name                    : "encryptor_top.prj"
Input Format                       : mixed
Ignore Synthesis Constraint File   : NO

---- Target Parameters
Output File Name                   : "encryptor_top"
Output Format                      : NGC
Target Device                      : xc6vlx240t-3-ff784

---- Source Options
Top Module Name                    : encryptor_top
Automatic FSM Extraction           : YES
FSM Encoding Algorithm             : Auto
Safe Implementation                : No
FSM Style                          : LUT
RAM Extraction                     : Yes
RAM Style                          : Auto
ROM Extraction                     : Yes
Shift Register Extraction          : YES
ROM Style                          : Auto
Resource Sharing                   : YES
Asynchronous To Synchronous        : NO
Shift Register Minimum Size        : 2
Use DSP Block                      : Auto
Automatic Register Balancing       : No

---- Target Options
LUT Combining                      : Auto
Reduce Control Sets                : Auto
Add IO Buffers                     : YES
Global Maximum Fanout              : 100000
Add Generic Clock Buffer(BUFG)     : 32
Register Duplication               : YES
Optimize Instantiated Primitives   : NO
Use Clock Enable                   : Auto
Use Synchronous Set                : Auto
Use Synchronous Reset              : Auto
Pack IO Registers into IOBs        : Auto
Equivalent register Removal        : YES

---- General Options
Optimization Goal                  : Speed
Optimization Effort                : 1
Power Reduction                    : NO
Keep Hierarchy                     : No
Netlist Hierarchy                  : As_Optimized
RTL Output                         : Yes
Global Optimization                : AllClockNets
Read Cores                         : YES
Write Timing Constraints           : NO
Cross Clock Analysis               : NO
Hierarchy Separator                : /
Bus Delimiter                      : <>
Case Specifier                     : Maintain
Slice Utilization Ratio            : 100
BRAM Utilization Ratio             : 100
DSP48 Utilization Ratio            : 100
Auto BRAM Packing                  : NO
Slice Utilization Ratio Delta      : 5

---- Other Options
Cores Search Directories           : {"ipcore_dir"  }

=========================================================================


=========================================================================
*                          HDL Parsing                                  *
=========================================================================
Analyzing Verilog file \"C:\Users\RSPC\Dropbox\ConstantWeightCoding\hardware\11-27\NiederreiterEncryptor\ipcore_dir\mul_12bits.v\" into library work
Parsing module <mul_12bits>.
Analyzing Verilog file \"C:\Users\RSPC\Dropbox\ConstantWeightCoding\hardware\11-27\NiederreiterEncryptor\best_d.v\" into library work
Parsing module <best_d>.
Analyzing Verilog file \"C:\Users\RSPC\Dropbox\ConstantWeightCoding\hardware\11-27\NiederreiterEncryptor\ipcore_dir\fifo_8_to_1.v\" into library work
Parsing module <fifo_8_to_1>.
Analyzing Verilog file \"C:\Users\RSPC\Dropbox\ConstantWeightCoding\hardware\11-27\NiederreiterEncryptor\encoder_main.v\" into library work
Parsing module <encoder_main>.
Analyzing Verilog file \"C:\Users\RSPC\Dropbox\ConstantWeightCoding\hardware\11-27\NiederreiterEncryptor\ipcore_dir\PublicKey.v\" into library work
Parsing module <PublicKey>.
Analyzing Verilog file \"C:\Users\RSPC\Dropbox\ConstantWeightCoding\hardware\11-27\NiederreiterEncryptor\encoder_top.v\" into library work
Parsing module <encoder_top>.
Analyzing Verilog file \"C:\Users\RSPC\Dropbox\ConstantWeightCoding\hardware\11-27\NiederreiterEncryptor\encryptor_top.v\" into library work
Parsing module <encryptor_top>.

=========================================================================
*                            HDL Elaboration                            *
=========================================================================

Elaborating module <encryptor_top>.

Elaborating module <encoder_top>.

Elaborating module <fifo_8_to_1>.
WARNING:HDLCompiler:1499 - "C:\Users\RSPC\Dropbox\ConstantWeightCoding\hardware\11-27\NiederreiterEncryptor\ipcore_dir\fifo_8_to_1.v" Line 39: Empty module <fifo_8_to_1> remains a black box.
WARNING:HDLCompiler:1127 - "C:\Users\RSPC\Dropbox\ConstantWeightCoding\hardware\11-27\NiederreiterEncryptor\encoder_top.v" Line 48: Assignment to full ignored, since the identifier is never used
WARNING:HDLCompiler:1127 - "C:\Users\RSPC\Dropbox\ConstantWeightCoding\hardware\11-27\NiederreiterEncryptor\encoder_top.v" Line 50: Assignment to rd_data_count ignored, since the identifier is never used
WARNING:HDLCompiler:1127 - "C:\Users\RSPC\Dropbox\ConstantWeightCoding\hardware\11-27\NiederreiterEncryptor\encoder_top.v" Line 51: Assignment to wr_data_count ignored, since the identifier is never used

Elaborating module <encoder_main>.

Elaborating module <best_d>.

Elaborating module <mul_12bits>.

Elaborating module <PublicKey>.
WARNING:HDLCompiler:1499 - "C:\Users\RSPC\Dropbox\ConstantWeightCoding\hardware\11-27\NiederreiterEncryptor\ipcore_dir\PublicKey.v" Line 39: Empty module <PublicKey> remains a black box.

=========================================================================
*                           HDL Synthesis                               *
=========================================================================

Synthesizing Unit <encryptor_top>.
    Related source file is "c:/users/rspc/dropbox/constantweightcoding/hardware/11-27/niederreiterencryptor/encryptor_top.v".
    Found 297-bit register for signal <ciphertext>.
    Found 1-bit register for signal <cw_rdy_tmp1>.
    Found 1-bit register for signal <cw_rdy_tmp2>.
    Found 1-bit register for signal <cw_rdy_tmp3>.
    Found 1-bit register for signal <cw_done_tmp1>.
    Found 1-bit register for signal <cw_done_tmp2>.
    Found 1-bit register for signal <done>.
    Found 11-bit register for signal <addra>.
    Found 11-bit adder for signal <n0039> created at line 65.
    Found 11-bit adder for signal <addra[10]_GND_1_o_add_3_OUT> created at line 65.
    Summary:
	inferred   2 Adder/Subtractor(s).
	inferred 314 D-type flip-flop(s).
Unit <encryptor_top> synthesized.

Synthesizing Unit <encoder_top>.
    Related source file is "c:/users/rspc/dropbox/constantweightcoding/hardware/11-27/niederreiterencryptor/encoder_top.v".
INFO:Xst:3210 - "c:/users/rspc/dropbox/constantweightcoding/hardware/11-27/niederreiterencryptor/encoder_top.v" line 40: Output port <rd_data_count> of the instance <fifo> is unconnected or connected to loadless signal.
INFO:Xst:3210 - "c:/users/rspc/dropbox/constantweightcoding/hardware/11-27/niederreiterencryptor/encoder_top.v" line 40: Output port <wr_data_count> of the instance <fifo> is unconnected or connected to loadless signal.
INFO:Xst:3210 - "c:/users/rspc/dropbox/constantweightcoding/hardware/11-27/niederreiterencryptor/encoder_top.v" line 40: Output port <full> of the instance <fifo> is unconnected or connected to loadless signal.
    Summary:
	no macro.
Unit <encoder_top> synthesized.

Synthesizing Unit <encoder_main>.
    Related source file is "c:/users/rspc/dropbox/constantweightcoding/hardware/11-27/niederreiterencryptor/encoder_main.v".
        init = 3'b000
        n_leq_t = 3'b001
        best_d = 3'b010
        read_1 = 3'b011
        decodefd = 3'b100
        read_0 = 3'b101
    Found 3-bit register for signal <state>.
    Found 12-bit register for signal <n>.
    Found 11-bit register for signal <cw_word>.
    Found 5-bit register for signal <t>.
    Found 1-bit register for signal <ready>.
    Found 1-bit register for signal <done>.
    Found 10-bit register for signal <i>.
    Found 4-bit register for signal <cnt>.
    Found 5-bit subtractor for signal <GND_4_o_GND_4_o_sub_43_OUT> created at line 236.
    Found 12-bit subtractor for signal <read1_update_n> created at line 335.
    Found 12-bit subtractor for signal <read0_update_n_part1> created at line 340.
    Found 12-bit subtractor for signal <read0_update_n_part2> created at line 341.
    Found 5-bit subtractor for signal <read0_update_t> created at line 342.
    Found 4-bit adder for signal <cnt[3]_GND_4_o_add_1_OUT> created at line 40.
    Found 11-bit adder for signal <read1_update_delta> created at line 336.
    Found 11-bit adder for signal <read0_update_delta> created at line 343.
    Found 8x10-bit Read Only RAM for signal <_n0357>
    Found 1-bit 6-to-1 multiplexer for signal <state[2]_next_state[1]_Mux_23_o> created at line 91.
    Found 1-bit 6-to-1 multiplexer for signal <state[2]_next_state[0]_Mux_25_o> created at line 91.
WARNING:Xst:737 - Found 1-bit latch for signal <next_state<2>>. Latches may be generated from incomplete case or if statements. We do not recommend the use of latches in FPGA/CPLD designs, as they may lead to timing problems.
WARNING:Xst:737 - Found 1-bit latch for signal <next_state<1>>. Latches may be generated from incomplete case or if statements. We do not recommend the use of latches in FPGA/CPLD designs, as they may lead to timing problems.
WARNING:Xst:737 - Found 1-bit latch for signal <next_state<0>>. Latches may be generated from incomplete case or if statements. We do not recommend the use of latches in FPGA/CPLD designs, as they may lead to timing problems.
WARNING:Xst:737 - Found 1-bit latch for signal <clr>. Latches may be generated from incomplete case or if statements. We do not recommend the use of latches in FPGA/CPLD designs, as they may lead to timing problems.
WARNING:Xst:737 - Found 1-bit latch for signal <n_sel<1>>. Latches may be generated from incomplete case or if statements. We do not recommend the use of latches in FPGA/CPLD designs, as they may lead to timing problems.
WARNING:Xst:737 - Found 1-bit latch for signal <n_sel<0>>. Latches may be generated from incomplete case or if statements. We do not recommend the use of latches in FPGA/CPLD designs, as they may lead to timing problems.
WARNING:Xst:737 - Found 1-bit latch for signal <t_sel>. Latches may be generated from incomplete case or if statements. We do not recommend the use of latches in FPGA/CPLD designs, as they may lead to timing problems.
WARNING:Xst:737 - Found 1-bit latch for signal <delta_sel<1>>. Latches may be generated from incomplete case or if statements. We do not recommend the use of latches in FPGA/CPLD designs, as they may lead to timing problems.
WARNING:Xst:737 - Found 1-bit latch for signal <delta_sel<0>>. Latches may be generated from incomplete case or if statements. We do not recommend the use of latches in FPGA/CPLD designs, as they may lead to timing problems.
WARNING:Xst:737 - Found 1-bit latch for signal <rdy_sel>. Latches may be generated from incomplete case or if statements. We do not recommend the use of latches in FPGA/CPLD designs, as they may lead to timing problems.
WARNING:Xst:737 - Found 1-bit latch for signal <done_sel>. Latches may be generated from incomplete case or if statements. We do not recommend the use of latches in FPGA/CPLD designs, as they may lead to timing problems.
WARNING:Xst:737 - Found 1-bit latch for signal <i_rst>. Latches may be generated from incomplete case or if statements. We do not recommend the use of latches in FPGA/CPLD designs, as they may lead to timing problems.
WARNING:Xst:737 - Found 1-bit latch for signal <shift_sel>. Latches may be generated from incomplete case or if statements. We do not recommend the use of latches in FPGA/CPLD designs, as they may lead to timing problems.
WARNING:Xst:737 - Found 1-bit latch for signal <read0_jmp_sel<1>>. Latches may be generated from incomplete case or if statements. We do not recommend the use of latches in FPGA/CPLD designs, as they may lead to timing problems.
WARNING:Xst:737 - Found 1-bit latch for signal <read0_jmp_sel<0>>. Latches may be generated from incomplete case or if statements. We do not recommend the use of latches in FPGA/CPLD designs, as they may lead to timing problems.
WARNING:Xst:737 - Found 1-bit latch for signal <read_one>. Latches may be generated from incomplete case or if statements. We do not recommend the use of latches in FPGA/CPLD designs, as they may lead to timing problems.
WARNING:Xst:737 - Found 1-bit latch for signal <read_zero>. Latches may be generated from incomplete case or if statements. We do not recommend the use of latches in FPGA/CPLD designs, as they may lead to timing problems.
WARNING:Xst:737 - Found 1-bit latch for signal <delta_rst>. Latches may be generated from incomplete case or if statements. We do not recommend the use of latches in FPGA/CPLD designs, as they may lead to timing problems.
WARNING:Xst:737 - Found 1-bit latch for signal <readfifo>. Latches may be generated from incomplete case or if statements. We do not recommend the use of latches in FPGA/CPLD designs, as they may lead to timing problems.
WARNING:Xst:737 - Found 1-bit latch for signal <decodefd_done>. Latches may be generated from incomplete case or if statements. We do not recommend the use of latches in FPGA/CPLD designs, as they may lead to timing problems.
WARNING:Xst:737 - Found 1-bit latch for signal <read1_jmp_sel<1>>. Latches may be generated from incomplete case or if statements. We do not recommend the use of latches in FPGA/CPLD designs, as they may lead to timing problems.
WARNING:Xst:737 - Found 1-bit latch for signal <read1_jmp_sel<0>>. Latches may be generated from incomplete case or if statements. We do not recommend the use of latches in FPGA/CPLD designs, as they may lead to timing problems.
WARNING:Xst:737 - Found 1-bit latch for signal <n_rst>. Latches may be generated from incomplete case or if statements. We do not recommend the use of latches in FPGA/CPLD designs, as they may lead to timing problems.
    Found 32-bit comparator equal for signal <GND_4_o_GND_4_o_equal_44_o> created at line 236
    Found 12-bit comparator greater for signal <GND_4_o_n[11]_LessThan_49_o> created at line 279
    Found 12-bit comparator greater for signal <n[11]_GND_4_o_LessThan_51_o> created at line 293
    Found 12-bit comparator equal for signal <n[11]_GND_4_o_equal_52_o> created at line 293
    Summary:
	inferred   1 RAM(s).
	inferred   5 Adder/Subtractor(s).
	inferred  47 D-type flip-flop(s).
	inferred  23 Latch(s).
	inferred   4 Comparator(s).
	inferred  77 Multiplexer(s).
Unit <encoder_main> synthesized.

Synthesizing Unit <best_d>.
    Related source file is "c:/users/rspc/dropbox/constantweightcoding/hardware/11-27/niederreiterencryptor/best_d.v".
    Found 11-bit register for signal <d>.
    Found 4-bit register for signal <u>.
    Found 5-bit register for signal <theta>.
    Found 5-bit comparator greater for signal <n0000> created at line 33
    Found 5-bit comparator greater for signal <n0002> created at line 35
    Found 5-bit comparator lessequal for signal <n0004> created at line 37
    Found 5-bit comparator lessequal for signal <n0006> created at line 39
    Found 12-bit comparator greater for signal <GND_29_o_p[16]_LessThan_20_o> created at line 54
    Found 12-bit comparator greater for signal <GND_29_o_p[16]_LessThan_21_o> created at line 58
    Found 12-bit comparator greater for signal <GND_29_o_p[16]_LessThan_22_o> created at line 62
    Found 12-bit comparator greater for signal <GND_29_o_p[16]_LessThan_23_o> created at line 66
    Found 12-bit comparator greater for signal <GND_29_o_p[16]_LessThan_24_o> created at line 70
    Found 12-bit comparator greater for signal <GND_29_o_p[16]_LessThan_25_o> created at line 74
    Found 12-bit comparator greater for signal <GND_29_o_p[16]_LessThan_26_o> created at line 78
    Found 12-bit comparator greater for signal <GND_29_o_p[16]_LessThan_27_o> created at line 82
    Summary:
	inferred  20 D-type flip-flop(s).
	inferred  12 Comparator(s).
	inferred  15 Multiplexer(s).
Unit <best_d> synthesized.

=========================================================================
HDL Synthesis Report

Macro Statistics
# RAMs                                                 : 1
 8x10-bit single-port Read Only RAM                    : 1
# Adders/Subtractors                                   : 7
 11-bit adder                                          : 3
 12-bit subtractor                                     : 1
 4-bit adder                                           : 1
 5-bit subtractor                                      : 2
# Registers                                            : 19
 1-bit register                                        : 8
 10-bit register                                       : 1
 11-bit register                                       : 3
 12-bit register                                       : 1
 297-bit register                                      : 1
 3-bit register                                        : 1
 4-bit register                                        : 2
 5-bit register                                        : 2
# Latches                                              : 23
 1-bit latch                                           : 23
# Comparators                                          : 16
 12-bit comparator equal                               : 1
 12-bit comparator greater                             : 10
 32-bit comparator equal                               : 1
 5-bit comparator greater                              : 2
 5-bit comparator lessequal                            : 2
# Multiplexers                                         : 92
 1-bit 2-to-1 multiplexer                              : 72
 1-bit 6-to-1 multiplexer                              : 2
 11-bit 2-to-1 multiplexer                             : 7
 12-bit 2-to-1 multiplexer                             : 2
 4-bit 2-to-1 multiplexer                              : 6
 5-bit 2-to-1 multiplexer                              : 3
# Xors                                                 : 1
 297-bit xor2                                          : 1

=========================================================================
INFO:Xst:1767 - HDL ADVISOR - Resource sharing has identified that some arithmetic operations in this design can share the same physical resources for reduced device utilization. For improved clock frequency you may try to disable resource sharing.

=========================================================================
*                       Advanced HDL Synthesis                          *
=========================================================================

Reading core <ipcore_dir/PublicKey.ngc>.
Reading core <ipcore_dir/fifo_8_to_1.ngc>.
Reading core <ipcore_dir/mul_12bits.ngc>.
Loading core <PublicKey> for timing and area information for instance <pk>.
Loading core <fifo_8_to_1> for timing and area information for instance <fifo>.
Loading core <mul_12bits> for timing and area information for instance <multiplier>.

Synthesizing (advanced) Unit <encoder_main>.
The following registers are absorbed into accumulator <cw_word>: 1 register on signal <cw_word>.
The following registers are absorbed into accumulator <n>: 1 register on signal <n>.
The following registers are absorbed into counter <cnt>: 1 register on signal <cnt>.
The following registers are absorbed into counter <t>: 1 register on signal <t>.
INFO:Xst:3218 - HDL ADVISOR - The RAM <Mram__n0357> will be implemented on LUTs either because you have described an asynchronous read or because of currently unsupported block RAM features. If you have described an asynchronous read, making it synchronous would allow you to take advantage of available block RAM resources, for optimized device usage and improved timings. Please refer to your documentation for coding guidelines.
    -----------------------------------------------------------------------
    | ram_type           | Distributed                         |          |
    -----------------------------------------------------------------------
    | Port A                                                              |
    |     aspect ratio   | 8-word x 10-bit                     |          |
    |     weA            | connected to signal <GND>           | high     |
    |     addrA          | connected to signal <state>         |          |
    |     diA            | connected to signal <GND>           |          |
    |     doA            | connected to internal node          |          |
    -----------------------------------------------------------------------
Unit <encoder_main> synthesized (advanced).

Synthesizing (advanced) Unit <encryptor_top>.
The following registers are absorbed into accumulator <addra>: 1 register on signal <addra>.
Unit <encryptor_top> synthesized (advanced).

=========================================================================
Advanced HDL Synthesis Report

Macro Statistics
# RAMs                                                 : 1
 8x10-bit single-port distributed Read Only RAM        : 1
# Adders/Subtractors                                   : 1
 5-bit subtractor                                      : 1
# Counters                                             : 2
 4-bit up counter                                      : 1
 5-bit down counter                                    : 1
# Accumulators                                         : 3
 11-bit up accumulator                                 : 1
 11-bit up accumulator cin                             : 1
 12-bit down accumulator                               : 1
# Registers                                            : 338
 Flip-Flops                                            : 338
# Comparators                                          : 16
 12-bit comparator equal                               : 1
 12-bit comparator greater                             : 10
 32-bit comparator equal                               : 1
 5-bit comparator greater                              : 2
 5-bit comparator lessequal                            : 2
# Multiplexers                                         : 102
 1-bit 2-to-1 multiplexer                              : 83
 1-bit 6-to-1 multiplexer                              : 2
 11-bit 2-to-1 multiplexer                             : 6
 12-bit 2-to-1 multiplexer                             : 2
 4-bit 2-to-1 multiplexer                              : 6
 5-bit 2-to-1 multiplexer                              : 3
# Xors                                                 : 1
 297-bit xor2                                          : 1

=========================================================================

=========================================================================
*                         Low Level Synthesis                           *
=========================================================================
WARNING:Xst:1710 - FF/Latch <d_0> (without init value) has a constant value of 0 in block <best_d>. This FF/Latch will be trimmed during the optimization process.
WARNING:Xst:1895 - Due to other FF/Latch trimming, FF/Latch <d_1> (without init value) has a constant value of 0 in block <best_d>. This FF/Latch will be trimmed during the optimization process.
INFO:Xst:2261 - The FF/Latch <t_sel> in Unit <encoder_main> is equivalent to the following FF/Latch, which will be removed : <delta_sel_1> 
WARNING:Xst:2016 - Found a loop when searching source clock on port 'Mram__n03577:O'
Last warning will be issued only once.

Optimizing unit <encryptor_top> ...

Optimizing unit <encoder_main> ...

Optimizing unit <best_d> ...

Mapping all equations...
Building and optimizing final netlist ...
Found area constraint ratio of 100 (+ 5) on block encryptor_top, actual ratio is 0.
INFO:Xst:2260 - The FF/Latch <U0/xst_fifo_generator/gconvfifo.rf/grf.rf/gntv_or_sync_fifo.gl0.rd/gras.rsts/ram_empty_i> in Unit <encoder/fifo> is equivalent to the following FF/Latch : <U0/xst_fifo_generator/gconvfifo.rf/grf.rf/gntv_or_sync_fifo.gl0.rd/gras.rsts/ram_empty_fb_i> 
INFO:Xst:2260 - The FF/Latch <U0/xst_fifo_generator/gconvfifo.rf/grf.rf/rstblk/ngwrdrst.grst.wr_rst_reg_1> in Unit <encoder/fifo> is equivalent to the following FF/Latch : <U0/xst_fifo_generator/gconvfifo.rf/grf.rf/rstblk/ngwrdrst.grst.wr_rst_reg_0> 
INFO:Xst:2260 - The FF/Latch <U0/xst_fifo_generator/gconvfifo.rf/grf.rf/rstblk/ngwrdrst.grst.rd_rst_reg_2> in Unit <encoder/fifo> is equivalent to the following 2 FFs/Latches : <U0/xst_fifo_generator/gconvfifo.rf/grf.rf/rstblk/ngwrdrst.grst.rd_rst_reg_1> <U0/xst_fifo_generator/gconvfifo.rf/grf.rf/rstblk/ngwrdrst.grst.rd_rst_reg_0> 
INFO:Xst:2260 - The FF/Latch <U0/xst_fifo_generator/gconvfifo.rf/grf.rf/gntv_or_sync_fifo.gl0.wr/gwas.wsts/ram_full_i> in Unit <encoder/fifo> is equivalent to the following FF/Latch : <U0/xst_fifo_generator/gconvfifo.rf/grf.rf/gntv_or_sync_fifo.gl0.wr/gwas.wsts/ram_full_fb_i> 
INFO:Xst:2260 - The FF/Latch <U0/xst_fifo_generator/gconvfifo.rf/grf.rf/gntv_or_sync_fifo.gl0.rd/gras.rsts/ram_empty_i> in Unit <encoder/fifo> is equivalent to the following FF/Latch : <U0/xst_fifo_generator/gconvfifo.rf/grf.rf/gntv_or_sync_fifo.gl0.rd/gras.rsts/ram_empty_fb_i> 
INFO:Xst:2260 - The FF/Latch <U0/xst_fifo_generator/gconvfifo.rf/grf.rf/rstblk/ngwrdrst.grst.wr_rst_reg_1> in Unit <encoder/fifo> is equivalent to the following FF/Latch : <U0/xst_fifo_generator/gconvfifo.rf/grf.rf/rstblk/ngwrdrst.grst.wr_rst_reg_0> 
INFO:Xst:2260 - The FF/Latch <U0/xst_fifo_generator/gconvfifo.rf/grf.rf/rstblk/ngwrdrst.grst.rd_rst_reg_2> in Unit <encoder/fifo> is equivalent to the following 2 FFs/Latches : <U0/xst_fifo_generator/gconvfifo.rf/grf.rf/rstblk/ngwrdrst.grst.rd_rst_reg_1> <U0/xst_fifo_generator/gconvfifo.rf/grf.rf/rstblk/ngwrdrst.grst.rd_rst_reg_0> 
INFO:Xst:2260 - The FF/Latch <U0/xst_fifo_generator/gconvfifo.rf/grf.rf/gntv_or_sync_fifo.gl0.wr/gwas.wsts/ram_full_i> in Unit <encoder/fifo> is equivalent to the following FF/Latch : <U0/xst_fifo_generator/gconvfifo.rf/grf.rf/gntv_or_sync_fifo.gl0.wr/gwas.wsts/ram_full_fb_i> 

Final Macro Processing ...

=========================================================================
Final Register Report

Macro Statistics
# Registers                                            : 379
 Flip-Flops                                            : 379

=========================================================================

=========================================================================
*                           Partition Report                            *
=========================================================================

Partition Implementation Status
-------------------------------

  No Partitions were found in this design.

-------------------------------

=========================================================================
*                            Design Summary                             *
=========================================================================

Top Level Output File Name         : encryptor_top.ngc

Primitive and Black Box Usage:
------------------------------
# BELS                             : 774
#      GND                         : 4
#      INV                         : 10
#      LUT1                        : 4
#      LUT2                        : 361
#      LUT3                        : 39
#      LUT4                        : 45
#      LUT5                        : 37
#      LUT6                        : 56
#      MULT_AND                    : 26
#      MUXCY                       : 91
#      VCC                         : 3
#      XORCY                       : 98
# FlipFlops/Latches                : 517
#      FD                          : 24
#      FDC                         : 57
#      FDCE                        : 24
#      FDP                         : 14
#      FDPE                        : 3
#      FDR                         : 24
#      FDRE                        : 330
#      FDS                         : 3
#      FDSE                        : 16
#      LD                          : 22
# RAMS                             : 18
#      RAMB18E1                    : 2
#      RAMB36E1                    : 16
# Clock Buffers                    : 1
#      BUFGP                       : 1
# IO Buffers                       : 309
#      IBUF                        : 11
#      OBUF                        : 298

Device utilization summary:
---------------------------

Selected Device : 6vlx240tff784-3 


Slice Logic Utilization: 
 Number of Slice Registers:             517  out of  301440     0%  
 Number of Slice LUTs:                  552  out of  150720     0%  
    Number used as Logic:               552  out of  150720     0%  

Slice Logic Distribution: 
 Number of LUT Flip Flop pairs used:    623
   Number with an unused Flip Flop:     106  out of    623    17%  
   Number with an unused LUT:            71  out of    623    11%  
   Number of fully used LUT-FF pairs:   446  out of    623    71%  
   Number of unique control sets:        38

IO Utilization: 
 Number of IOs:                         310
 Number of bonded IOBs:                 310  out of    400    77%  

Specific Feature Utilization:
 Number of Block RAM/FIFO:               17  out of    416     4%  
    Number using Block RAM only:         17
 Number of BUFG/BUFGCTRLs:                1  out of     32     3%  

---------------------------
Partition Resource Summary:
---------------------------

  No Partitions were found in this design.

---------------------------


=========================================================================
Timing Report

NOTE: THESE TIMING NUMBERS ARE ONLY A SYNTHESIS ESTIMATE.
      FOR ACCURATE TIMING INFORMATION PLEASE REFER TO THE TRACE REPORT
      GENERATED AFTER PLACE-and-ROUTE.

Clock Information:
------------------
-------------------------------------------------------------------------------------------------------+----------------------------------------+-------+
Clock Signal                                                                                           | Clock buffer(FF name)                  | Load  |
-------------------------------------------------------------------------------------------------------+----------------------------------------+-------+
clk                                                                                                    | BUFGP                                  | 513   |
encoder/bin2cw/Mmux_state[2]_n_sel[0]_Mux_82_o132(encoder/bin2cw/Mmux_state[2]_n_sel[0]_Mux_82_o1321:O)| NONE(*)(encoder/bin2cw/read1_jmp_sel_1)| 2     |
encoder/bin2cw/state[2]_GND_22_o_Mux_107_o(encoder/bin2cw/Mmux_state[2]_GND_22_o_Mux_107_o12:O)        | NONE(*)(encoder/bin2cw/delta_rst)      | 1     |
encoder/bin2cw/state[2]_GND_16_o_Mux_95_o(encoder/bin2cw/Mmux_state[2]_GND_16_o_Mux_95_o12:O)          | NONE(*)(encoder/bin2cw/i_rst)          | 2     |
encoder/bin2cw/state[2]_GND_23_o_Mux_109_o(encoder/bin2cw/Mmux_state[2]_GND_23_o_Mux_109_o11:O)        | NONE(*)(encoder/bin2cw/readfifo)       | 1     |
encoder/bin2cw/Mram__n03578(encoder/bin2cw/Mram__n035781:O)                                            | NONE(*)(encoder/bin2cw/n_sel_0)        | 4     |
encoder/bin2cw/Mram__n03579(encoder/bin2cw/Mram__n035791:O)                                            | NONE(*)(encoder/bin2cw/next_state_0)   | 3     |
encoder/bin2cw/Mram__n03573(encoder/bin2cw/Mram__n035731:O)                                            | NONE(*)(encoder/bin2cw/decodefd_done)  | 1     |
encoder/bin2cw/state[2]_GND_8_o_Mux_79_o(encoder/bin2cw/Mmux_state[2]_GND_8_o_Mux_79_o11:O)            | NONE(*)(encoder/bin2cw/clr)            | 1     |
encoder/bin2cw/Mmux_state[2]_GND_22_o_Mux_107_o13(encoder/bin2cw/Mmux_state[2]_GND_22_o_Mux_107_o131:O)| NONE(*)(encoder/bin2cw/read0_jmp_sel_0)| 2     |
encoder/bin2cw/state[2]_GND_20_o_Mux_103_o(encoder/bin2cw/Mmux_state[2]_GND_20_o_Mux_103_o11:O)        | NONE(*)(encoder/bin2cw/read_zero)      | 2     |
encoder/bin2cw/Mram__n03577(encoder/bin2cw/Mram__n035771:O)                                            | NONE(*)(encoder/bin2cw/done_sel)       | 2     |
encoder/bin2cw/Mram__n0357(encoder/bin2cw/Mram__n035711:O)                                             | NONE(*)(encoder/bin2cw/n_rst)          | 1     |
-------------------------------------------------------------------------------------------------------+----------------------------------------+-------+
(*) These 12 clock signal(s) are generated by combinatorial logic,
and XST is not able to identify which are the primary clock signals.
Please use the CLOCK_SIGNAL constraint to specify the clock signal(s) generated by combinatorial logic.
INFO:Xst:2169 - HDL ADVISOR - Some clock signals were not automatically buffered by XST with BUFG/BUFR resources. Please use the buffer_type constraint in order to insert these buffers to the clock signals to help prevent skew problems.

Asynchronous Control Signals Information:
----------------------------------------
-----------------------------------+-----------------------------------------------------------------------------------------------------------------------------+-------+
Control Signal                     | Buffer(FF name)                                                                                                             | Load  |
-----------------------------------+-----------------------------------------------------------------------------------------------------------------------------+-------+
pk/N1(pk/XST_GND:G)                | NONE(pk/U0/xst_blk_mem_generator/gnativebmg.native_blk_mem_gen/valid.cstr/ramloop[2].ram.r/v6_init.ram/SP.SIMPLE_PRIM36.ram)| 32    |
-----------------------------------+-----------------------------------------------------------------------------------------------------------------------------+-------+

Timing Summary:
---------------
Speed Grade: -3

   Minimum period: 2.968ns (Maximum Frequency: 336.916MHz)
   Minimum input arrival time before clock: 1.190ns
   Maximum output required time after clock: 0.567ns
   Maximum combinational path delay: No path found

Timing Details:
---------------
All values displayed in nanoseconds (ns)

=========================================================================
Timing constraint: Default period analysis for Clock 'clk'
  Clock period: 2.968ns (frequency: 336.916MHz)
  Total number of paths / destination ports: 67347 / 1128
-------------------------------------------------------------------------
Delay:               2.968ns (Levels of Logic = 21)
  Source:            encoder/bin2cw/n_0 (FF)
  Destination:       encoder/bin2cw/uut/multiplier/blk00000096 (FF)
  Source Clock:      clk rising
  Destination Clock: clk rising

  Data Path: encoder/bin2cw/n_0 to encoder/bin2cw/uut/multiplier/blk00000096
                                Gate     Net
    Cell:in->out      fanout   Delay   Delay  Logical Name (Net Name)
    ----------------------------------------  ------------
     FDRE:C->Q             8   0.280   0.513  encoder/bin2cw/n_0 (encoder/bin2cw/n_0)
     begin scope: 'encoder/bin2cw/uut/multiplier:a<0>'
     LUT4:I0->O            1   0.053   0.000  blk000000ba (sig00000058)
     MUXCY:S->O            1   0.219   0.000  blk0000001f (sig00000086)
     MUXCY:CI->O           1   0.015   0.000  blk00000023 (sig0000008a)
     MUXCY:CI->O           1   0.015   0.000  blk00000025 (sig0000008c)
     MUXCY:CI->O           1   0.015   0.000  blk00000027 (sig0000008e)
     MUXCY:CI->O           1   0.015   0.000  blk00000029 (sig00000090)
     MUXCY:CI->O           1   0.015   0.000  blk0000002b (sig00000092)
     MUXCY:CI->O           1   0.015   0.000  blk0000002d (sig00000094)
     MUXCY:CI->O           1   0.015   0.000  blk0000002f (sig00000096)
     MUXCY:CI->O           1   0.015   0.000  blk00000031 (sig00000098)
     MUXCY:CI->O           1   0.015   0.000  blk00000033 (sig0000009a)
     MUXCY:CI->O           1   0.015   0.000  blk00000035 (sig0000009c)
     XORCY:CI->O           1   0.180   0.296  blk00000019 (sig0000007b)
     LUT1:I0->O            1   0.053   0.000  blk000000c3 (sig000000bd)
     MUXCY:S->O            1   0.219   0.000  blk0000007d (sig0000001d)
     XORCY:CI->O           1   0.180   0.357  blk0000007a (sig00000050)
     LUT2:I0->O            1   0.053   0.000  blk00000058 (sig00000005)
     MUXCY:S->O            1   0.219   0.000  blk00000057 (sig00000004)
     MUXCY:CI->O           0   0.015   0.000  blk00000054 (sig00000002)
     XORCY:CI->O           1   0.180   0.000  blk00000052 (sig00000042)
     FD:D                     -0.012          blk00000096
    ----------------------------------------
    Total                      2.968ns (1.801ns logic, 1.167ns route)
                                       (60.7% logic, 39.3% route)

=========================================================================
Timing constraint: Default OFFSET IN BEFORE for Clock 'clk'
  Total number of paths / destination ports: 348 / 348
-------------------------------------------------------------------------
Offset:              1.190ns (Levels of Logic = 3)
  Source:            wr_en (PAD)
  Destination:       encoder/fifo/U0/xst_fifo_generator/gconvfifo.rf/grf.rf/gntv_or_sync_fifo.mem/gbm.gbmg.gbmga.ngecc.bmg/gnativebmg.native_blk_mem_gen/valid.cstr/ramloop[0].ram.r/v6_noinit.ram/SDP.SIMPLE_PRIM18.ram (RAM)
  Destination Clock: clk rising

  Data Path: wr_en to encoder/fifo/U0/xst_fifo_generator/gconvfifo.rf/grf.rf/gntv_or_sync_fifo.mem/gbm.gbmg.gbmga.ngecc.bmg/gnativebmg.native_blk_mem_gen/valid.cstr/ramloop[0].ram.r/v6_noinit.ram/SDP.SIMPLE_PRIM18.ram
                                Gate     Net
    Cell:in->out      fanout   Delay   Delay  Logical Name (Net Name)
    ----------------------------------------  ------------
     IBUF:I->O             3   0.003   0.367  wr_en_IBUF (wr_en_IBUF)
     begin scope: 'encoder/fifo:wr_en'
     LUT2:I0->O           12   0.053   0.330  U0/xst_fifo_generator/gconvfifo.rf/grf.rf/gntv_or_sync_fifo.gl0.wr/ram_wr_en_i1 (U0/xst_fifo_generator/gconvfifo.rf/grf.rf/ram_wr_en)
     RAMB18E1:WEA1             0.437          U0/xst_fifo_generator/gconvfifo.rf/grf.rf/gntv_or_sync_fifo.mem/gbm.gbmg.gbmga.ngecc.bmg/gnativebmg.native_blk_mem_gen/valid.cstr/ramloop[0].ram.r/v6_noinit.ram/SDP.SIMPLE_PRIM18.ram
    ----------------------------------------
    Total                      1.190ns (0.493ns logic, 0.697ns route)
                                       (41.4% logic, 58.6% route)

=========================================================================
Timing constraint: Default OFFSET IN BEFORE for Clock 'encoder/bin2cw/Mram__n03579'
  Total number of paths / destination ports: 1 / 1
-------------------------------------------------------------------------
Offset:              0.998ns (Levels of Logic = 3)
  Source:            start (PAD)
  Destination:       encoder/bin2cw/next_state_1 (LATCH)
  Destination Clock: encoder/bin2cw/Mram__n03579 falling

  Data Path: start to encoder/bin2cw/next_state_1
                                Gate     Net
    Cell:in->out      fanout   Delay   Delay  Logical Name (Net Name)
    ----------------------------------------  ------------
     IBUF:I->O             1   0.003   0.592  start_IBUF (start_IBUF)
     LUT6:I1->O            1   0.053   0.296  encoder/bin2cw/Mmux_state[2]_next_state[1]_Mux_23_o22 (encoder/bin2cw/Mmux_state[2]_next_state[1]_Mux_23_o21)
     LUT6:I5->O            1   0.053   0.000  encoder/bin2cw/Mmux_state[2]_next_state[1]_Mux_23_o23 (encoder/bin2cw/state[2]_next_state[1]_Mux_23_o)
     LD:D                     -0.043          encoder/bin2cw/next_state_1
    ----------------------------------------
    Total                      0.998ns (0.109ns logic, 0.889ns route)
                                       (10.9% logic, 89.1% route)

=========================================================================
Timing constraint: Default OFFSET OUT AFTER for Clock 'clk'
  Total number of paths / destination ports: 298 / 298
-------------------------------------------------------------------------
Offset:              0.567ns (Levels of Logic = 1)
  Source:            ciphertext_296 (FF)
  Destination:       ciphertext<296> (PAD)
  Source Clock:      clk rising

  Data Path: ciphertext_296 to ciphertext<296>
                                Gate     Net
    Cell:in->out      fanout   Delay   Delay  Logical Name (Net Name)
    ----------------------------------------  ------------
     FDRE:C->Q             2   0.280   0.283  ciphertext_296 (ciphertext_296)
     OBUF:I->O                 0.003          ciphertext_296_OBUF (ciphertext<296>)
    ----------------------------------------
    Total                      0.567ns (0.283ns logic, 0.283ns route)
                                       (50.0% logic, 50.0% route)

=========================================================================

Cross Clock Domains Report:
--------------------------

Clock to Setup on destination clock clk
------------------------------------------+---------+---------+---------+---------+
                                          | Src:Rise| Src:Fall| Src:Rise| Src:Fall|
Source Clock                              |Dest:Rise|Dest:Rise|Dest:Fall|Dest:Fall|
------------------------------------------+---------+---------+---------+---------+
clk                                       |    2.968|         |         |         |
encoder/bin2cw/Mram__n0357                |         |    0.955|         |         |
encoder/bin2cw/Mram__n03577               |         |    0.561|         |         |
encoder/bin2cw/Mram__n03578               |         |    1.386|         |         |
encoder/bin2cw/Mram__n03579               |         |    0.561|         |         |
encoder/bin2cw/state[2]_GND_16_o_Mux_95_o |         |    0.923|         |         |
encoder/bin2cw/state[2]_GND_22_o_Mux_107_o|         |    0.928|         |         |
encoder/bin2cw/state[2]_GND_23_o_Mux_109_o|         |    1.471|         |         |
encoder/bin2cw/state[2]_GND_8_o_Mux_79_o  |         |    0.895|         |         |
------------------------------------------+---------+---------+---------+---------+

Clock to Setup on destination clock encoder/bin2cw/Mmux_state[2]_GND_22_o_Mux_107_o13
---------------+---------+---------+---------+---------+
               | Src:Rise| Src:Fall| Src:Rise| Src:Fall|
Source Clock   |Dest:Rise|Dest:Rise|Dest:Fall|Dest:Fall|
---------------+---------+---------+---------+---------+
clk            |         |         |    2.852|         |
---------------+---------+---------+---------+---------+

Clock to Setup on destination clock encoder/bin2cw/Mmux_state[2]_n_sel[0]_Mux_82_o132
---------------+---------+---------+---------+---------+
               | Src:Rise| Src:Fall| Src:Rise| Src:Fall|
Source Clock   |Dest:Rise|Dest:Rise|Dest:Fall|Dest:Fall|
---------------+---------+---------+---------+---------+
clk            |         |         |    2.344|         |
---------------+---------+---------+---------+---------+

Clock to Setup on destination clock encoder/bin2cw/Mram__n0357
---------------+---------+---------+---------+---------+
               | Src:Rise| Src:Fall| Src:Rise| Src:Fall|
Source Clock   |Dest:Rise|Dest:Rise|Dest:Fall|Dest:Fall|
---------------+---------+---------+---------+---------+
clk            |         |         |    0.872|         |
---------------+---------+---------+---------+---------+

Clock to Setup on destination clock encoder/bin2cw/Mram__n03573
---------------+---------+---------+---------+---------+
               | Src:Rise| Src:Fall| Src:Rise| Src:Fall|
Source Clock   |Dest:Rise|Dest:Rise|Dest:Fall|Dest:Fall|
---------------+---------+---------+---------+---------+
clk            |         |         |    1.572|         |
---------------+---------+---------+---------+---------+

Clock to Setup on destination clock encoder/bin2cw/Mram__n03577
---------------+---------+---------+---------+---------+
               | Src:Rise| Src:Fall| Src:Rise| Src:Fall|
Source Clock   |Dest:Rise|Dest:Rise|Dest:Fall|Dest:Fall|
---------------+---------+---------+---------+---------+
clk            |         |         |    1.380|         |
---------------+---------+---------+---------+---------+

Clock to Setup on destination clock encoder/bin2cw/Mram__n03578
---------------+---------+---------+---------+---------+
               | Src:Rise| Src:Fall| Src:Rise| Src:Fall|
Source Clock   |Dest:Rise|Dest:Rise|Dest:Fall|Dest:Fall|
---------------+---------+---------+---------+---------+
clk            |         |         |    2.592|         |
---------------+---------+---------+---------+---------+

Clock to Setup on destination clock encoder/bin2cw/Mram__n03579
-------------------------------------------------+---------+---------+---------+---------+
                                                 | Src:Rise| Src:Fall| Src:Rise| Src:Fall|
Source Clock                                     |Dest:Rise|Dest:Rise|Dest:Fall|Dest:Fall|
-------------------------------------------------+---------+---------+---------+---------+
clk                                              |         |         |    1.730|         |
encoder/bin2cw/Mmux_state[2]_GND_22_o_Mux_107_o13|         |         |    1.525|         |
encoder/bin2cw/Mmux_state[2]_n_sel[0]_Mux_82_o132|         |         |    1.519|         |
encoder/bin2cw/Mram__n03573                      |         |         |    0.927|         |
encoder/bin2cw/state[2]_GND_20_o_Mux_103_o       |         |         |    1.401|         |
-------------------------------------------------+---------+---------+---------+---------+

Clock to Setup on destination clock encoder/bin2cw/state[2]_GND_16_o_Mux_95_o
---------------+---------+---------+---------+---------+
               | Src:Rise| Src:Fall| Src:Rise| Src:Fall|
Source Clock   |Dest:Rise|Dest:Rise|Dest:Fall|Dest:Fall|
---------------+---------+---------+---------+---------+
clk            |         |         |    1.031|         |
---------------+---------+---------+---------+---------+

Clock to Setup on destination clock encoder/bin2cw/state[2]_GND_20_o_Mux_103_o
---------------+---------+---------+---------+---------+
               | Src:Rise| Src:Fall| Src:Rise| Src:Fall|
Source Clock   |Dest:Rise|Dest:Rise|Dest:Fall|Dest:Fall|
---------------+---------+---------+---------+---------+
clk            |         |         |    2.015|         |
---------------+---------+---------+---------+---------+

Clock to Setup on destination clock encoder/bin2cw/state[2]_GND_22_o_Mux_107_o
---------------+---------+---------+---------+---------+
               | Src:Rise| Src:Fall| Src:Rise| Src:Fall|
Source Clock   |Dest:Rise|Dest:Rise|Dest:Fall|Dest:Fall|
---------------+---------+---------+---------+---------+
clk            |         |         |    0.857|         |
---------------+---------+---------+---------+---------+

Clock to Setup on destination clock encoder/bin2cw/state[2]_GND_23_o_Mux_109_o
---------------+---------+---------+---------+---------+
               | Src:Rise| Src:Fall| Src:Rise| Src:Fall|
Source Clock   |Dest:Rise|Dest:Rise|Dest:Fall|Dest:Fall|
---------------+---------+---------+---------+---------+
clk            |         |         |    2.015|         |
---------------+---------+---------+---------+---------+

Clock to Setup on destination clock encoder/bin2cw/state[2]_GND_8_o_Mux_79_o
---------------+---------+---------+---------+---------+
               | Src:Rise| Src:Fall| Src:Rise| Src:Fall|
Source Clock   |Dest:Rise|Dest:Rise|Dest:Fall|Dest:Fall|
---------------+---------+---------+---------+---------+
clk            |         |         |    1.650|         |
---------------+---------+---------+---------+---------+

=========================================================================


Total REAL time to Xst completion: 7.00 secs
Total CPU time to Xst completion: 7.24 secs
 
--> 

Total memory usage is 273352 kilobytes

Number of errors   :    0 (   0 filtered)
Number of warnings :   30 (   0 filtered)
Number of infos    :   15 (   0 filtered)

